projects/amazon-trend-analyzer/qb_chunks/page_777_skip777000.csv
ASIN Buyability Flag,asin_status,CVR%,revenue,asp,units,gv,Images #,Videos #,Has A+ Content,Buybox Winner,Average Rating,Number of Ratings,bb_price,Ad CTR%,Ad CVR%,bsr,brand,Ad CPC$,ASIN (Description),Update Type,Sold By Amazon,Has Coupon?,Has Store Link?,In Stock Today?,category,Sellable On Hand Units,asin,date,Ad Cost,Ad Sales,Ad Clicks,Ad Impressions,Ad Conversions
In Stock,ACTIVE,0.091,39.0,12.99,3.0,33.0,0.0,0.0,False,,5.0,2.0,12.99,,,,Burt's Bees,,"B0F9MVFFV2 (Burt's Bees Manuka Honey Dental Water Additive, Odorless/Tasteless)",[],True,True,True,True,Dog Dental Care,325.0,B0F9MVFFV2,2025-07-29,,,,,
In Stock,ACTIVE,0.214,39.0,12.99,3.0,14.0,0.0,0.0,False,,5.0,2.0,12.99,,,,Burt's Bees,,"B0F9MVFFV2 (Burt's Bees Manuka Honey Dental Water Additive, Odorless/Tasteless)",[],True,True,True,True,Dog Dental Care,330.0,B0F9MVFFV2,2025-07-28,,,,,
In Stock,ACTIVE,0.219,91.0,12.99,7.0,32.0,0.0,0.0,False,,5.0,2.0,12.99,,,,Burt's Bees,,"B0F9MVFFV2 (Burt's Bees Manuka Honey Dental Water Additive, Odorless/Tasteless)",[],True,True,True,True,Dog Dental Care,372.0,B0F9MVFFV2,2025-07-27,,,,,
In Stock,ACTIVE,0.053,13.0,12.99,1.0,19.0,0.0,0.0,False,,5.0,1.0,12.99,,,,Burt's Bees,,"B0F9MVFFV2 (Burt's Bees Manuka Honey Dental Water Additive, Odorless/Tasteless)",[],True,True,True,True,Dog Dental Care,353.0,B0F9MVFFV2,2025-07-26,,,,,
In Stock,ACTIVE,0.167,39.0,12.99,3.0,18.0,0.0,0.0,False,,5.0,1.0,12.99,,,,Burt's Bees,,"B0F9MVFFV2 (Burt's Bees Manuka Honey Dental Water Additive, Odorless/Tasteless)",[],True,True,True,True,Dog Dental Care,342.0,B0F9MVFFV2,2025-07-25,,,,,
In Stock,ACTIVE,0.24,78.0,12.99,6.0,25.0,0.0,0.0,False,,5.0,1.0,12.99,,,,Burt's Bees,,"B0F9MVFFV2 (Burt's Bees Manuka Honey Dental Water Additive, Odorless/Tasteless)",[],True,True,True,True,Dog Dental Care,331.0,B0F9MVFFV2,2025-07-24,,,,,
In Stock,ACTIVE,0.267,52.0,12.99,4.0,15.0,0.0,0.0,False,,5.0,1.0,12.99,,,,Burt's Bees,,"B0F9MVFFV2 (Burt's Bees Manuka Honey Dental Water Additive, Odorless/Tasteless)",[],True,True,True,True,Dog Dental Care,289.0,B0F9MVFFV2,2025-07-23,,,,,
In Stock,ACTIVE,0.04,13.0,12.99,1.0,25.0,0.0,0.0,False,,5.0,1.0,12.99,,,,Burt's Bees,,"B0F9MVFFV2 (Burt's Bees Manuka Honey Dental Water Additive, Odorless/Tasteless)",[],True,True,True,True,Dog Dental Care,313.0,B0F9MVFFV2,2025-07-22,,,,,
In Stock,ACTIVE,0.125,26.0,12.99,2.0,16.0,0.0,0.0,False,,,,12.99,,,,Burt's Bees,,"B0F9MVFFV2 (Burt's Bees Manuka Honey Dental Water Additive, Odorless/Tasteless)",[],True,True,True,True,Dog Dental Care,273.0,B0F9MVFFV2,2025-07-21,,,,,
In Stock,ACTIVE,0.208,65.0,12.99,5.0,24.0,0.0,0.0,False,,,,12.99,,,,Burt's Bees,,"B0F9MVFFV2 (Burt's Bees Manuka Honey Dental Water Additive, Odorless/Tasteless)",[],True,True,True,True,Dog Dental Care,290.0,B0F9MVFFV2,2025-07-20,,,,,
In Stock,ACTIVE,0.364,52.0,12.99,4.0,11.0,0.0,0.0,False,,,,12.99,,,,Burt's Bees,,"B0F9MVFFV2 (Burt's Bees Manuka Honey Dental Water Additive, Odorless/Tasteless)",[],True,True,True,True,Dog Dental Care,269.0,B0F9MVFFV2,2025-07-19,,,,,
In Stock,ACTIVE,0.048,13.0,12.99,1.0,21.0,0.0,0.0,False,,,,12.99,,,,Burt's Bees,,"B0F9MVFFV2 (Burt's Bees Manuka Honey Dental Water Additive, Odorless/Tasteless)",[],True,True,True,True,Dog Dental Care,274.0,B0F9MVFFV2,2025-07-18,,,,,
In Stock,ACTIVE,0.261,78.0,12.99,6.0,23.0,0.0,0.0,False,,,,12.99,,,,Burt's Bees,,"B0F9MVFFV2 (Burt's Bees Manuka Honey Dental Water Additive, Odorless/Tasteless)",[],True,True,True,True,Dog Dental Care,276.0,B0F9MVFFV2,2025-07-17,,,,,
In Stock,ACTIVE,,,,,,5.0,0.0,False,,3.9,20.0,13.99,,,133.0,Disney,,"B0F9MW3K7S (Winnie the Pooh: Eeyore Rope Body Dog Toy - 8"")",[],True,True,True,True,Dog Toys,,B0F9MW3K7S,2026-05-15,,,,,
In Stock,ACTIVE,,56.0,13.99,4.0,,5.0,0.0,False,,3.9,20.0,13.99,,,125.0,Disney,,"B0F9MW3K7S (Winnie the Pooh: Eeyore Rope Body Dog Toy - 8"")",[],True,True,True,True,Dog Toys,,B0F9MW3K7S,2026-05-14,,,,,
In Stock,ACTIVE,,42.0,13.99,3.0,,5.0,0.0,False,,3.9,20.0,13.99,,,142.0,Disney,,"B0F9MW3K7S (Winnie the Pooh: Eeyore Rope Body Dog Toy - 8"")",[],True,True,True,True,Dog Toys,,B0F9MW3K7S,2026-05-13,,,,,
In Stock,ACTIVE,,84.0,13.99,6.0,,5.0,0.0,False,,4.1,19.0,13.99,,,175.0,Disney,,"B0F9MW3K7S (Winnie the Pooh: Eeyore Rope Body Dog Toy - 8"")",[],True,True,True,True,Dog Toys,,B0F9MW3K7S,2026-05-12,,,,,
In Stock,ACTIVE,0.25,70.0,13.99,5.0,20.0,5.0,0.0,False,,4.1,19.0,13.99,,,138.0,Disney,,"B0F9MW3K7S (Winnie the Pooh: Eeyore Rope Body Dog Toy - 8"")",[],True,True,True,True,Dog Toys,188.0,B0F9MW3K7S,2026-05-11,,,,,
In Stock,ACTIVE,0.042,14.0,13.99,1.0,24.0,5.0,0.0,False,,4.1,19.0,13.99,,,135.0,Disney,,"B0F9MW3K7S (Winnie the Pooh: Eeyore Rope Body Dog Toy - 8"")",[],True,True,True,True,Dog Toys,193.0,B0F9MW3K7S,2026-05-10,,,,,
In Stock,ACTIVE,0.12,41.0,13.66,3.0,25.0,5.0,0.0,False,,4.0,18.0,13.99,,,135.0,Disney,,"B0F9MW3K7S (Winnie the Pooh: Eeyore Rope Body Dog Toy - 8"")",[],True,False,True,True,Dog Toys,195.0,B0F9MW3K7S,2026-05-09,,,,,
In Stock,ACTIVE,0.3,84.0,13.99,6.0,20.0,5.0,0.0,False,,4.0,18.0,13.99,,,141.0,Disney,,"B0F9MW3K7S (Winnie the Pooh: Eeyore Rope Body Dog Toy - 8"")",[],True,False,True,True,Dog Toys,195.0,B0F9MW3K7S,2026-05-08,,,,,
In Stock,ACTIVE,0.118,28.0,13.99,2.0,17.0,5.0,0.0,False,,4.0,18.0,13.99,,,117.0,Disney,,"B0F9MW3K7S (Winnie the Pooh: Eeyore Rope Body Dog Toy - 8"")",[],True,False,True,True,Dog Toys,202.0,B0F9MW3K7S,2026-05-07,,,,,
In Stock,ACTIVE,0.167,42.0,13.99,3.0,18.0,5.0,0.0,False,,4.0,18.0,13.99,,,95.0,Disney,,"B0F9MW3K7S (Winnie the Pooh: Eeyore Rope Body Dog Toy - 8"")",[],True,False,True,True,Dog Toys,206.0,B0F9MW3K7S,2026-05-06,,,,,
In Stock,ACTIVE,0.25,56.0,13.99,4.0,16.0,5.0,0.0,False,,4.0,18.0,13.99,,,114.0,Disney,,"B0F9MW3K7S (Winnie the Pooh: Eeyore Rope Body Dog Toy - 8"")",[],True,False,True,True,Dog Toys,213.0,B0F9MW3K7S,2026-05-05,,,,,
In Stock,ACTIVE,0.7,98.0,13.99,7.0,10.0,5.0,0.0,False,,4.0,18.0,13.99,,,85.0,Disney,,"B0F9MW3K7S (Winnie the Pooh: Eeyore Rope Body Dog Toy - 8"")",[],True,True,True,True,Dog Toys,217.0,B0F9MW3K7S,2026-05-04,,,,,
In Stock,ACTIVE,0.038,14.0,13.99,1.0,26.0,5.0,0.0,False,,4.0,18.0,13.99,,,143.0,Disney,,"B0F9MW3K7S (Winnie the Pooh: Eeyore Rope Body Dog Toy - 8"")",[],True,True,True,True,Dog Toys,221.0,B0F9MW3K7S,2026-05-03,,,,,
In Stock,ACTIVE,0.563,126.0,13.99,9.0,16.0,5.0,0.0,False,,4.0,18.0,13.99,,,128.0,Disney,,"B0F9MW3K7S (Winnie the Pooh: Eeyore Rope Body Dog Toy - 8"")",[],True,True,True,True,Dog Toys,226.0,B0F9MW3K7S,2026-05-02,,,,,
In Stock,ACTIVE,0.105,28.0,13.99,2.0,19.0,5.0,0.0,False,,4.0,18.0,13.99,,,128.0,Disney,,"B0F9MW3K7S (Winnie the Pooh: Eeyore Rope Body Dog Toy - 8"")",[],True,True,True,True,Dog Toys,232.0,B0F9MW3K7S,2026-05-01,,,,,
In Stock,ACTIVE,0.185,70.0,13.99,5.0,27.0,5.0,0.0,False,,4.0,18.0,13.99,,,162.0,Disney,,"B0F9MW3K7S (Winnie the Pooh: Eeyore Rope Body Dog Toy - 8"")",[],True,True,True,True,Dog Toys,237.0,B0F9MW3K7S,2026-04-30,,,,,
In Stock,ACTIVE,0.222,56.0,13.99,4.0,18.0,5.0,0.0,False,,4.0,18.0,13.99,,,143.0,Disney,,"B0F9MW3K7S (Winnie the Pooh: Eeyore Rope Body Dog Toy - 8"")",[],True,False,True,True,Dog Toys,240.0,B0F9MW3K7S,2026-04-29,,,,,
In Stock,ACTIVE,0.118,28.0,13.99,2.0,17.0,5.0,0.0,False,,4.0,18.0,13.99,,,144.0,Disney,,"B0F9MW3K7S (Winnie the Pooh: Eeyore Rope Body Dog Toy - 8"")",[],True,False,True,True,Dog Toys,241.0,B0F9MW3K7S,2026-04-28,,,,,
In Stock,ACTIVE,0.05,14.0,13.99,1.0,20.0,5.0,0.0,False,,4.0,18.0,13.99,,,178.0,Disney,,"B0F9MW3K7S (Winnie the Pooh: Eeyore Rope Body Dog Toy - 8"")",[],True,True,True,True,Dog Toys,244.0,B0F9MW3K7S,2026-04-27,,,,,
In Stock,ACTIVE,0.174,56.0,13.99,4.0,23.0,5.0,0.0,False,,4.0,18.0,13.99,,,154.0,Disney,,"B0F9MW3K7S (Winnie the Pooh: Eeyore Rope Body Dog Toy - 8"")",[],True,True,True,True,Dog Toys,246.0,B0F9MW3K7S,2026-04-26,,,,,
In Stock,ACTIVE,0.1,28.0,13.99,2.0,20.0,5.0,0.0,False,,4.0,18.0,13.99,,,113.0,Disney,,"B0F9MW3K7S (Winnie the Pooh: Eeyore Rope Body Dog Toy - 8"")",[],True,True,True,True,Dog Toys,246.0,B0F9MW3K7S,2026-04-25,,,,,
In Stock,ACTIVE,0.05,14.0,13.99,1.0,20.0,5.0,0.0,False,,4.0,18.0,13.99,,,143.0,Disney,,"B0F9MW3K7S (Winnie the Pooh: Eeyore Rope Body Dog Toy - 8"")",[],True,True,True,True,Dog Toys,249.0,B0F9MW3K7S,2026-04-24,,,,,
In Stock,ACTIVE,0.263,70.0,13.99,5.0,19.0,5.0,0.0,False,,4.0,18.0,13.99,,,93.0,Disney,,"B0F9MW3K7S (Winnie the Pooh: Eeyore Rope Body Dog Toy - 8"")",[],True,True,True,True,Dog Toys,254.0,B0F9MW3K7S,2026-04-23,,,,,
In Stock,ACTIVE,0.0,0.0,,0.0,24.0,5.0,0.0,False,,4.0,18.0,13.99,,,142.0,Disney,,"B0F9MW3K7S (Winnie the Pooh: Eeyore Rope Body Dog Toy - 8"")",[],True,True,True,True,Dog Toys,256.0,B0F9MW3K7S,2026-04-22,,,,,
In Stock,ACTIVE,0.4379999999999999,107.0,15.33,7.0,16.0,5.0,0.0,False,,4.0,18.0,13.99,,,134.0,Disney,,"B0F9MW3K7S (Winnie the Pooh: Eeyore Rope Body Dog Toy - 8"")",[],True,True,True,True,Dog Toys,260.0,B0F9MW3K7S,2026-04-21,,,,,
In Stock,ACTIVE,0.176,42.0,13.99,3.0,17.0,5.0,0.0,False,,4.0,18.0,13.99,,,154.0,Disney,,"B0F9MW3K7S (Winnie the Pooh: Eeyore Rope Body Dog Toy - 8"")",[],True,True,True,True,Dog Toys,265.0,B0F9MW3K7S,2026-04-20,,,,,
In Stock,ACTIVE,0.267,52.0,12.99,4.0,15.0,5.0,0.0,False,,4.0,18.0,11.99,,,133.0,Disney,,"B0F9MW3K7S (Winnie the Pooh: Eeyore Rope Body Dog Toy - 8"")",[],True,False,True,True,Dog Toys,267.0,B0F9MW3K7S,2026-04-19,,,,,
In Stock,ACTIVE,0.071,24.0,11.99,2.0,28.0,5.0,0.0,False,,4.0,18.0,11.99,,,105.0,Disney,,"B0F9MW3K7S (Winnie the Pooh: Eeyore Rope Body Dog Toy - 8"")",[],True,False,True,True,Dog Toys,269.0,B0F9MW3K7S,2026-04-18,,,,,
In Stock,ACTIVE,0.15,36.0,11.99,3.0,20.0,5.0,0.0,False,,4.0,18.0,11.99,,,146.0,Disney,,"B0F9MW3K7S (Winnie the Pooh: Eeyore Rope Body Dog Toy - 8"")",[],True,False,True,True,Dog Toys,272.0,B0F9MW3K7S,2026-04-17,,,,,
In Stock,ACTIVE,0.308,96.0,11.99,8.0,26.0,5.0,0.0,False,,4.0,18.0,11.99,,,174.0,Disney,,"B0F9MW3K7S (Winnie the Pooh: Eeyore Rope Body Dog Toy - 8"")",[],True,False,True,True,Dog Toys,275.0,B0F9MW3K7S,2026-04-16,,,,,
In Stock,ACTIVE,0.357,60.0,11.99,5.0,14.0,5.0,0.0,False,,4.0,18.0,11.99,,,144.0,Disney,,"B0F9MW3K7S (Winnie the Pooh: Eeyore Rope Body Dog Toy - 8"")",[],True,False,True,True,Dog Toys,287.0,B0F9MW3K7S,2026-04-15,,,,,
In Stock,ACTIVE,0.067,12.0,11.99,1.0,15.0,5.0,0.0,False,,4.0,18.0,11.99,,,141.0,Disney,,"B0F9MW3K7S (Winnie the Pooh: Eeyore Rope Body Dog Toy - 8"")",[],True,False,True,False,Dog Toys,289.0,B0F9MW3K7S,2026-04-14,,,,,
In Stock,ACTIVE,0.103,36.0,11.99,3.0,29.0,5.0,0.0,False,,4.0,18.0,11.99,,,274.0,Disney,,"B0F9MW3K7S (Winnie the Pooh: Eeyore Rope Body Dog Toy - 8"")",[],True,False,True,False,Dog Toys,289.0,B0F9MW3K7S,2026-04-13,,,,,
In Stock,ACTIVE,0.333,96.0,11.99,8.0,24.0,5.0,0.0,False,,4.0,18.0,11.99,,,214.0,Disney,,"B0F9MW3K7S (Winnie the Pooh: Eeyore Rope Body Dog Toy - 8"")",[],True,False,True,False,Dog Toys,272.0,B0F9MW3K7S,2026-04-12,,,,,
In Stock,ACTIVE,0.0,0.0,,0.0,25.0,5.0,0.0,False,,4.0,18.0,11.99,,,170.0,Disney,,"B0F9MW3K7S (Winnie the Pooh: Eeyore Rope Body Dog Toy - 8"")",[],True,False,True,False,Dog Toys,0.0,B0F9MW3K7S,2026-04-11,,,,,
In Stock,ACTIVE,0.071,12.0,11.99,1.0,14.0,5.0,0.0,False,,4.0,18.0,11.99,,,193.0,Disney,,"B0F9MW3K7S (Winnie the Pooh: Eeyore Rope Body Dog Toy - 8"")",[],True,False,True,False,Dog Toys,273.0,B0F9MW3K7S,2026-04-10,,,,,
In Stock,ACTIVE,0.222,54.0,13.49,4.0,18.0,5.0,0.0,False,,4.0,18.0,13.99,,,206.0,Disney,,"B0F9MW3K7S (Winnie the Pooh: Eeyore Rope Body Dog Toy - 8"")",[],True,False,True,False,Dog Toys,290.0,B0F9MW3K7S,2026-04-09,,,,,
In Stock,ACTIVE,0.0,0.0,,0.0,18.0,5.0,0.0,False,,3.9,17.0,13.99,,,201.0,Disney,,"B0F9MW3K7S (Winnie the Pooh: Eeyore Rope Body Dog Toy - 8"")",[],True,False,True,False,Dog Toys,290.0,B0F9MW3K7S,2026-04-08,,,,,
In Stock,ACTIVE,0.105,28.0,13.99,2.0,19.0,5.0,0.0,False,,3.8,16.0,13.99,,,137.0,Disney,,"B0F9MW3K7S (Winnie the Pooh: Eeyore Rope Body Dog Toy - 8"")",[],True,False,True,True,Dog Toys,292.0,B0F9MW3K7S,2026-04-07,,,,,
In Stock,ACTIVE,0.0,0.0,,0.0,16.0,5.0,0.0,False,,3.8,15.0,13.99,,,164.0,Disney,,"B0F9MW3K7S (Winnie the Pooh: Eeyore Rope Body Dog Toy - 8"")",[],True,False,True,True,Dog Toys,293.0,B0F9MW3K7S,2026-04-06,,,,,
In Stock,ACTIVE,0.174,56.0,13.99,4.0,23.0,5.0,0.0,False,,3.8,15.0,13.99,,,144.0,Disney,,"B0F9MW3K7S (Winnie the Pooh: Eeyore Rope Body Dog Toy - 8"")",[],True,True,True,True,Dog Toys,292.0,B0F9MW3K7S,2026-04-05,,,,,
In Stock,ACTIVE,0.095,28.0,13.99,2.0,21.0,5.0,0.0,False,,3.8,15.0,13.99,,,120.0,Disney,,"B0F9MW3K7S (Winnie the Pooh: Eeyore Rope Body Dog Toy - 8"")",[],True,True,True,True,Dog Toys,292.0,B0F9MW3K7S,2026-04-04,,,,,
In Stock,ACTIVE,0.174,69.0,17.24,4.0,23.0,5.0,0.0,False,,3.8,15.0,13.99,,,134.0,Disney,,"B0F9MW3K7S (Winnie the Pooh: Eeyore Rope Body Dog Toy - 8"")",[],True,True,True,True,Dog Toys,276.0,B0F9MW3K7S,2026-04-03,,,,,
In Stock,ACTIVE,0.174,56.0,13.99,4.0,23.0,5.0,0.0,False,,3.8,15.0,13.99,,,189.0,Disney,,"B0F9MW3K7S (Winnie the Pooh: Eeyore Rope Body Dog Toy - 8"")",[],True,True,True,True,Dog Toys,288.0,B0F9MW3K7S,2026-04-02,,,,,
In Stock,ACTIVE,0.2,64.0,15.99,4.0,20.0,5.0,0.0,False,,3.8,15.0,15.99,,,242.0,Disney,,"B0F9MW3K7S (Winnie the Pooh: Eeyore Rope Body Dog Toy - 8"")",[],True,False,True,True,Dog Toys,274.0,B0F9MW3K7S,2026-03-30,,,,,
In Stock,ACTIVE,0.25,64.0,15.99,4.0,16.0,5.0,0.0,False,,3.8,15.0,15.99,,,235.0,Disney,,"B0F9MW3K7S (Winnie the Pooh: Eeyore Rope Body Dog Toy - 8"")",[],True,False,True,True,Dog Toys,275.0,B0F9MW3K7S,2026-03-29,,,,,
In Stock,ACTIVE,0.0,0.0,,0.0,18.0,5.0,0.0,False,,4.6,90.0,19.99,,,259.0,Disney,,"B0F9MW3K7S (Winnie the Pooh: Eeyore Rope Body Dog Toy - 8"")",[],True,False,True,True,Dog Toys,291.0,B0F9MW3K7S,2026-03-19,,,,,
In Stock,ACTIVE,0.154,40.0,19.99,2.0,13.0,5.0,0.0,False,,4.6,90.0,19.99,,,293.0,Disney,,"B0F9MW3K7S (Winnie the Pooh: Eeyore Rope Body Dog Toy - 8"")",[],True,False,True,True,Dog Toys,294.0,B0F9MW3K7S,2026-03-17,,,,,
In Stock,ACTIVE,0.105,40.0,19.99,2.0,19.0,5.0,0.0,False,,4.6,90.0,19.99,,,306.0,Disney,,"B0F9MW3K7S (Winnie the Pooh: Eeyore Rope Body Dog Toy - 8"")",[],True,False,True,True,Dog Toys,297.0,B0F9MW3K7S,2026-03-14,,,,,
In Stock,ACTIVE,0.091,20.0,19.99,1.0,11.0,5.0,0.0,False,,4.6,90.0,19.99,,,231.0,Disney,,"B0F9MW3K7S (Winnie the Pooh: Eeyore Rope Body Dog Toy - 8"")",[],True,False,True,True,Dog Toys,299.0,B0F9MW3K7S,2026-03-13,,,,,
In Stock,ACTIVE,0.0,0.0,,0.0,26.0,5.0,0.0,False,,4.6,90.0,19.99,,,198.0,Disney,,"B0F9MW3K7S (Winnie the Pooh: Eeyore Rope Body Dog Toy - 8"")",[],True,False,True,True,Dog Toys,299.0,B0F9MW3K7S,2026-03-12,,,,,
In Stock,ACTIVE,0.15,53.0,17.66,3.0,20.0,5.0,0.0,False,,4.6,90.0,19.99,,,158.0,Disney,,"B0F9MW3K7S (Winnie the Pooh: Eeyore Rope Body Dog Toy - 8"")",[],True,False,True,True,Dog Toys,304.0,B0F9MW3K7S,2026-03-09,,,,,
In Stock,ACTIVE,0.0,0.0,,0.0,15.0,5.0,0.0,False,,4.6,89.0,14.0,,,223.0,Disney,,"B0F9MW3K7S (Winnie the Pooh: Eeyore Rope Body Dog Toy - 8"")",[],True,False,True,True,Dog Toys,308.0,B0F9MW3K7S,2026-03-08,,,,,
In Stock,ACTIVE,0.179,80.0,15.99,5.0,28.0,5.0,0.0,False,,4.6,89.0,15.99,,,255.0,Disney,,"B0F9MW3K7S (Winnie the Pooh: Eeyore Rope Body Dog Toy - 8"")",[],True,False,True,True,Dog Toys,326.0,B0F9MW3K7S,2026-02-28,,,,,
In Stock,ACTIVE,0.25,48.0,15.99,3.0,12.0,5.0,0.0,False,,4.6,89.0,15.99,,,214.0,Disney,,"B0F9MW3K7S (Winnie the Pooh: Eeyore Rope Body Dog Toy - 8"")",[],True,False,True,True,Dog Toys,338.0,B0F9MW3K7S,2026-02-23,,,,,
In Stock,ACTIVE,0.136,48.0,15.99,3.0,22.0,5.0,0.0,False,,4.6,89.0,15.99,,,240.0,Disney,,"B0F9MW3K7S (Winnie the Pooh: Eeyore Rope Body Dog Toy - 8"")",[],True,False,True,True,Dog Toys,346.0,B0F9MW3K7S,2026-02-21,,,,,
In Stock,ACTIVE,0.133,32.0,15.99,2.0,15.0,5.0,0.0,False,,4.6,89.0,15.99,,,233.0,Disney,,"B0F9MW3K7S (Winnie the Pooh: Eeyore Rope Body Dog Toy - 8"")",[],True,False,True,True,Dog Toys,348.0,B0F9MW3K7S,2026-02-20,,,,,
In Stock,ACTIVE,0.25,32.0,15.99,2.0,8.0,5.0,0.0,False,,4.6,89.0,15.99,,,311.0,Disney,,"B0F9MW3K7S (Winnie the Pooh: Eeyore Rope Body Dog Toy - 8"")",[],True,False,True,True,Dog Toys,349.0,B0F9MW3K7S,2026-02-19,,,,,
In Stock,ACTIVE,0.111,48.0,15.99,3.0,27.0,5.0,0.0,False,,4.6,89.0,15.99,,,329.0,Disney,,"B0F9MW3K7S (Winnie the Pooh: Eeyore Rope Body Dog Toy - 8"")",[],True,False,True,True,Dog Toys,354.0,B0F9MW3K7S,2026-02-18,,,,,
In Stock,ACTIVE,0.048,16.0,15.99,1.0,21.0,5.0,0.0,False,,4.6,89.0,15.99,,,377.0,Disney,,"B0F9MW3K7S (Winnie the Pooh: Eeyore Rope Body Dog Toy - 8"")",[],True,False,True,True,Dog Toys,354.0,B0F9MW3K7S,2026-02-17,,,,,
In Stock,ACTIVE,0.05599999999999999,16.0,15.99,1.0,18.0,5.0,0.0,False,,4.6,89.0,15.99,,,307.0,Disney,,"B0F9MW3K7S (Winnie the Pooh: Eeyore Rope Body Dog Toy - 8"")",[],True,False,True,True,Dog Toys,354.0,B0F9MW3K7S,2026-02-16,,,,,
In Stock,ACTIVE,0.0,,,,11.0,5.0,0.0,False,,4.6,89.0,15.99,,,305.0,Disney,,"B0F9MW3K7S (Winnie the Pooh: Eeyore Rope Body Dog Toy - 8"")",[],True,False,True,True,Dog Toys,357.0,B0F9MW3K7S,2026-02-15,,,,,
In Stock,ACTIVE,0.071,16.0,15.99,1.0,14.0,5.0,0.0,False,,4.6,89.0,15.99,,,228.0,Disney,,"B0F9MW3K7S (Winnie the Pooh: Eeyore Rope Body Dog Toy - 8"")",[],True,False,True,True,Dog Toys,356.0,B0F9MW3K7S,2026-02-14,,,,,
In Stock,ACTIVE,0.0,0.0,,0.0,25.0,5.0,0.0,False,,4.6,89.0,15.99,,,272.0,Disney,,"B0F9MW3K7S (Winnie the Pooh: Eeyore Rope Body Dog Toy - 8"")",[],True,False,True,True,Dog Toys,356.0,B0F9MW3K7S,2026-02-13,,,,,
In Stock,ACTIVE,0.158,48.0,15.99,3.0,19.0,5.0,0.0,False,,4.6,89.0,15.99,,,248.0,Disney,,"B0F9MW3K7S (Winnie the Pooh: Eeyore Rope Body Dog Toy - 8"")",[],True,False,True,True,Dog Toys,357.0,B0F9MW3K7S,2026-02-12,,,,,
In Stock,ACTIVE,0.125,20.0,19.99,1.0,8.0,5.0,0.0,False,,4.6,89.0,19.99,,,170.0,Disney,,"B0F9MW3K7S (Winnie the Pooh: Eeyore Rope Body Dog Toy - 8"")",[],True,False,True,True,Dog Toys,359.0,B0F9MW3K7S,2026-02-11,,,,,
In Stock,ACTIVE,0.0,0.0,,0.0,17.0,5.0,0.0,False,,4.6,89.0,19.99,,,235.0,Disney,,"B0F9MW3K7S (Winnie the Pooh: Eeyore Rope Body Dog Toy - 8"")",[],True,False,True,True,Dog Toys,358.0,B0F9MW3K7S,2026-02-10,,,,,
