projects/amazon-trend-analyzer/qb_chunks/page_777_skip777000.csv
ASIN Buyability Flag,asin_status,CVR%,revenue,asp,units,gv,Images #,Videos #,Has A+ Content,Buybox Winner,Average Rating,Number of Ratings,bb_price,Ad CTR%,Ad CVR%,bsr,brand,Ad CPC$,ASIN (Description),Update Type,Sold By Amazon,Has Coupon?,Has Store Link?,In Stock Today?,category,Sellable On Hand Units,asin,date,Ad Cost,Ad Sales,Ad Clicks,Ad Impressions,Ad Conversions
In Stock,ACTIVE: PROMO,0.0,0.0,,0.0,16.0,4.0,0.0,False,,4.8,32.0,8.79,,,356.0,Disney,,"B0F9MW3K7S (Winnie the Pooh: Eeyore Rope Body Dog Toy - 8"")",[],True,False,True,True,Dog Toys,108.0,B0F9MW3K7S,2025-08-04,0.0,0.0,0.0,0.0,0.0
In Stock,ACTIVE: PROMO,0.111,36.0,12.07,3.0,27.0,4.0,0.0,False,,4.8,30.0,8.79,0.0,,266.0,Disney,,"B0F9MW3K7S (Winnie the Pooh: Eeyore Rope Body Dog Toy - 8"")",[],True,False,True,True,Dog Toys,122.0,B0F9MW3K7S,2025-08-03,0.0,0.0,0.0,65.0,0.0
In Stock,ACTIVE: PROMO,0.0,0.0,,0.0,27.0,4.0,0.0,False,,4.8,30.0,8.79,0.01869158878504673,0.0,444.0,Disney,0.65,"B0F9MW3K7S (Winnie the Pooh: Eeyore Rope Body Dog Toy - 8"")",[],True,False,True,True,Dog Toys,147.0,B0F9MW3K7S,2025-08-02,1.3,0.0,2.0,107.0,0.0
In Stock,ACTIVE: PROMO,0.13,26.0,8.79,3.0,23.0,4.0,0.0,False,,4.8,29.0,8.79,0.0,,376.0,Disney,,"B0F9MW3K7S (Winnie the Pooh: Eeyore Rope Body Dog Toy - 8"")",[],True,False,True,True,Dog Toys,110.0,B0F9MW3K7S,2025-08-01,0.0,0.0,0.0,78.0,0.0
In Stock,ACTIVE: PROMO,0.063,9.0,8.79,1.0,16.0,8.0,0.0,False,,4.8,29.0,10.99,0.0196078431372549,0.5,300.0,Disney,0.6,"B0F9MW3K7S (Winnie the Pooh: Eeyore Rope Body Dog Toy - 8"")",[],True,False,True,True,Dog Toys,101.0,B0F9MW3K7S,2025-07-31,1.2,7.19,2.0,102.0,1.0
In Stock,ACTIVE: PROMO,0.0,0.0,,0.0,15.0,4.0,0.0,False,,4.8,29.0,10.99,0.01818181818181818,0.0,276.0,Disney,0.785,"B0F9MW3K7S (Winnie the Pooh: Eeyore Rope Body Dog Toy - 8"")",[],True,False,True,True,Dog Toys,100.0,B0F9MW3K7S,2025-07-30,1.57,0.0,2.0,110.0,0.0
In Stock,ACTIVE: PROMO,0.091,9.0,8.79,1.0,11.0,0.0,0.0,False,,4.8,28.0,8.79,0.0,,249.0,Disney,,"B0F9MW3K7S (Winnie the Pooh: Eeyore Rope Body Dog Toy - 8"")",[],True,False,True,True,Dog Toys,111.0,B0F9MW3K7S,2025-07-29,0.0,0.0,0.0,91.0,0.0
In Stock,ACTIVE: PROMO,0.077,9.0,8.79,1.0,13.0,0.0,0.0,False,,4.8,28.0,8.79,,,257.0,Disney,,"B0F9MW3K7S (Winnie the Pooh: Eeyore Rope Body Dog Toy - 8"")",[],True,False,True,True,Dog Toys,102.0,B0F9MW3K7S,2025-07-28,0.0,0.0,0.0,0.0,0.0
In Stock,ACTIVE: PROMO,0.167,18.0,8.79,2.0,12.0,0.0,0.0,False,,4.8,28.0,8.79,,,228.0,Disney,,"B0F9MW3K7S (Winnie the Pooh: Eeyore Rope Body Dog Toy - 8"")",[],True,False,True,True,Dog Toys,107.0,B0F9MW3K7S,2025-07-27,0.0,0.0,0.0,0.0,0.0
In Stock,ACTIVE: PROMO,0.059,9.0,8.79,1.0,17.0,0.0,0.0,False,,4.8,28.0,8.79,,,290.0,Disney,,"B0F9MW3K7S (Winnie the Pooh: Eeyore Rope Body Dog Toy - 8"")",[],True,False,True,True,Dog Toys,109.0,B0F9MW3K7S,2025-07-26,0.0,0.0,0.0,0.0,0.0
In Stock,ACTIVE: PROMO,0.188,26.0,8.79,3.0,16.0,0.0,0.0,False,,4.8,28.0,8.79,,,301.0,Disney,,"B0F9MW3K7S (Winnie the Pooh: Eeyore Rope Body Dog Toy - 8"")",[],True,False,True,True,Dog Toys,110.0,B0F9MW3K7S,2025-07-25,,,,,
In Stock,ACTIVE: PROMO,0.053,9.0,8.79,1.0,19.0,0.0,0.0,False,,4.8,27.0,8.79,,,291.0,Disney,,"B0F9MW3K7S (Winnie the Pooh: Eeyore Rope Body Dog Toy - 8"")",[],True,False,True,True,Dog Toys,111.0,B0F9MW3K7S,2025-07-24,,,,,
In Stock,ACTIVE: PROMO,0.1,11.0,10.99,1.0,10.0,0.0,0.0,False,,4.8,27.0,8.79,,,265.0,Disney,,"B0F9MW3K7S (Winnie the Pooh: Eeyore Rope Body Dog Toy - 8"")",[],True,False,True,True,Dog Toys,112.0,B0F9MW3K7S,2025-07-23,,,,,
In Stock,ACTIVE: PROMO,0.083,9.0,8.79,1.0,12.0,0.0,0.0,False,,4.8,27.0,8.79,,,286.0,Disney,,"B0F9MW3K7S (Winnie the Pooh: Eeyore Rope Body Dog Toy - 8"")",[],True,False,True,True,Dog Toys,105.0,B0F9MW3K7S,2025-07-22,,,,,
In Stock,ACTIVE: PROMO,0.2,18.0,8.79,2.0,10.0,0.0,0.0,False,,4.8,27.0,8.79,0.0,,266.0,Disney,,"B0F9MW3K7S (Winnie the Pooh: Eeyore Rope Body Dog Toy - 8"")",[],True,False,True,True,Dog Toys,105.0,B0F9MW3K7S,2025-07-21,0.0,0.0,0.0,1.0,0.0
In Stock,ACTIVE: PROMO,0.038,9.0,8.79,1.0,26.0,0.0,0.0,False,,4.8,26.0,8.79,0.0,,226.0,Disney,,"B0F9MW3K7S (Winnie the Pooh: Eeyore Rope Body Dog Toy - 8"")",[],True,False,True,True,Dog Toys,88.0,B0F9MW3K7S,2025-07-20,0.0,0.0,0.0,96.0,0.0
In Stock,ACTIVE: PROMO,0.045,9.0,8.79,1.0,22.0,0.0,0.0,False,,4.8,26.0,8.79,,,310.0,Disney,,"B0F9MW3K7S (Winnie the Pooh: Eeyore Rope Body Dog Toy - 8"")",[],True,False,True,True,Dog Toys,78.0,B0F9MW3K7S,2025-07-19,0.0,0.0,0.0,0.0,0.0
In Stock,ACTIVE: PROMO,0.16,35.0,8.79,4.0,25.0,0.0,0.0,False,,4.8,26.0,8.79,0.01886792452830189,0.0,291.0,Disney,0.49,"B0F9MW3K7S (Winnie the Pooh: Eeyore Rope Body Dog Toy - 8"")",[],True,False,True,True,Dog Toys,79.0,B0F9MW3K7S,2025-07-18,0.49,0.0,1.0,53.0,0.0
In Stock,ACTIVE: PROMO,0.05599999999999999,9.0,8.79,1.0,18.0,0.0,0.0,False,,4.8,26.0,8.79,0.02898550724637681,0.5,332.0,Disney,0.705,"B0F9MW3K7S (Winnie the Pooh: Eeyore Rope Body Dog Toy - 8"")",[],True,False,True,True,Dog Toys,79.0,B0F9MW3K7S,2025-07-17,1.41,8.79,2.0,69.0,1.0
In Stock,ACTIVE: PROMO,0.133,18.0,8.79,2.0,15.0,0.0,0.0,False,,4.7,25.0,8.79,0.02040816326530612,1.0,330.0,Disney,0.49,"B0F9MW3K7S (Winnie the Pooh: Eeyore Rope Body Dog Toy - 8"")",[],True,False,True,True,Dog Toys,69.0,B0F9MW3K7S,2025-07-16,0.49,8.79,1.0,49.0,1.0
In Stock,ACTIVE: PROMO,0.034,9.0,8.79,1.0,29.0,4.0,0.0,False,,4.7,25.0,8.79,0.0,,272.0,Disney,,"B0F9MW3K7S (Winnie the Pooh: Eeyore Rope Body Dog Toy - 8"")",[],True,False,True,True,Dog Toys,90.0,B0F9MW3K7S,2025-07-15,0.0,0.0,0.0,82.0,0.0
In Stock,ACTIVE: PROMO,0.0,0.0,,0.0,7.0,4.0,0.0,False,,4.7,25.0,8.79,0.0,,230.0,Disney,,"B0F9MW3K7S (Winnie the Pooh: Eeyore Rope Body Dog Toy - 8"")",[],True,False,True,True,Dog Toys,80.0,B0F9MW3K7S,2025-07-14,0.0,0.0,0.0,79.0,0.0
In Stock,ACTIVE: PROMO,0.083,9.0,8.79,1.0,12.0,4.0,0.0,False,,4.7,25.0,8.79,0.0,,203.0,Disney,,"B0F9MW3K7S (Winnie the Pooh: Eeyore Rope Body Dog Toy - 8"")",[],True,False,True,True,Dog Toys,83.0,B0F9MW3K7S,2025-07-13,0.0,0.0,0.0,97.0,0.0
In Stock,ACTIVE: PROMO,0.05,9.0,8.79,1.0,20.0,4.0,0.0,False,,4.7,25.0,8.79,0.0101010101010101,1.0,400.0,Disney,0.83,"B0F9MW3K7S (Winnie the Pooh: Eeyore Rope Body Dog Toy - 8"")",[],True,False,True,True,Dog Toys,85.0,B0F9MW3K7S,2025-07-12,0.83,8.79,1.0,99.0,1.0
In Stock,ACTIVE: PROMO,0.194,57.0,8.19,7.0,36.0,4.0,0.0,False,,4.7,25.0,8.79,0.0,,318.0,Disney,,"B0F9MW3K7S (Winnie the Pooh: Eeyore Rope Body Dog Toy - 8"")",[],True,False,True,True,Dog Toys,87.0,B0F9MW3K7S,2025-07-11,0.0,0.0,0.0,25.0,0.0
In Stock,FD,,,,,,6.0,0.0,True,,4.6,3586.0,13.94,,,79.0,Glad,,B0F9MZ6KNL (Glad Everyday - 16oz Paper Bowls - 50ct - Palm Leaves- 2 COUNT MASTER PACK),[],True,False,True,True,Disposable Tabletop,,B0F9MZ6KNL,2026-05-15,,,,,
In Stock,FD,,70.0,13.94,5.0,,6.0,0.0,True,,4.6,3588.0,13.94,,,76.0,Glad,,B0F9MZ6KNL (Glad Everyday - 16oz Paper Bowls - 50ct - Palm Leaves- 2 COUNT MASTER PACK),[],True,False,True,True,Disposable Tabletop,,B0F9MZ6KNL,2026-05-14,,,,,
In Stock,FD,,-42.0,,-3.0,,6.0,0.0,False,,4.6,3588.0,13.94,,,80.0,Glad,,B0F9MZ6KNL (Glad Everyday - 16oz Paper Bowls - 50ct - Palm Leaves- 2 COUNT MASTER PACK),[],True,False,True,False,Disposable Tabletop,,B0F9MZ6KNL,2026-05-13,,,,,
In Stock,FD,,56.0,13.94,4.0,,6.0,0.0,False,,4.6,3589.0,13.94,,,66.0,Glad,,B0F9MZ6KNL (Glad Everyday - 16oz Paper Bowls - 50ct - Palm Leaves- 2 COUNT MASTER PACK),[],True,False,True,False,Disposable Tabletop,,B0F9MZ6KNL,2026-05-12,,,,,
In Stock,FD,0.333,28.0,13.94,2.0,6.0,6.0,0.0,False,,4.6,3589.0,13.94,,,62.0,Glad,,B0F9MZ6KNL (Glad Everyday - 16oz Paper Bowls - 50ct - Palm Leaves- 2 COUNT MASTER PACK),[],True,False,True,True,Disposable Tabletop,57.0,B0F9MZ6KNL,2026-05-11,,,,,
In Stock,FD,0.333,14.0,13.94,1.0,3.0,6.0,0.0,False,,4.6,3590.0,13.94,,,69.0,Glad,,B0F9MZ6KNL (Glad Everyday - 16oz Paper Bowls - 50ct - Palm Leaves- 2 COUNT MASTER PACK),[],True,False,True,True,Disposable Tabletop,60.0,B0F9MZ6KNL,2026-05-10,,,,,
In Stock,FD,0.25,14.0,13.94,1.0,4.0,6.0,0.0,False,,4.6,3589.0,13.94,,,65.0,Glad,,B0F9MZ6KNL (Glad Everyday - 16oz Paper Bowls - 50ct - Palm Leaves- 2 COUNT MASTER PACK),[],True,False,True,True,Disposable Tabletop,69.0,B0F9MZ6KNL,2026-05-08,,,,,
In Stock,FD,1.25,70.0,13.94,5.0,4.0,6.0,0.0,False,,4.6,3589.0,13.94,,,67.0,Glad,,B0F9MZ6KNL (Glad Everyday - 16oz Paper Bowls - 50ct - Palm Leaves- 2 COUNT MASTER PACK),[],True,False,True,True,Disposable Tabletop,71.0,B0F9MZ6KNL,2026-05-07,,,,,
In Stock,FD,0.2,28.0,13.94,2.0,10.0,6.0,0.0,False,,4.6,3590.0,13.94,,,70.0,Glad,,B0F9MZ6KNL (Glad Everyday - 16oz Paper Bowls - 50ct - Palm Leaves- 2 COUNT MASTER PACK),[],True,False,True,False,Disposable Tabletop,73.0,B0F9MZ6KNL,2026-05-06,,,,,
In Stock,FD,0.2,14.0,13.94,1.0,5.0,6.0,0.0,False,,4.6,3590.0,13.94,,,74.0,Glad,,B0F9MZ6KNL (Glad Everyday - 16oz Paper Bowls - 50ct - Palm Leaves- 2 COUNT MASTER PACK),[],True,False,True,False,Disposable Tabletop,76.0,B0F9MZ6KNL,2026-05-05,,,,,
In Stock,FD,0.0,0.0,,0.0,2.0,6.0,0.0,False,,4.6,3590.0,13.94,,,68.0,Glad,,B0F9MZ6KNL (Glad Everyday - 16oz Paper Bowls - 50ct - Palm Leaves- 2 COUNT MASTER PACK),[],True,False,True,False,Disposable Tabletop,73.0,B0F9MZ6KNL,2026-05-04,,,,,
In Stock,FD,1.333,56.0,13.94,4.0,3.0,6.0,0.0,False,,4.6,3590.0,13.94,,,68.0,Glad,,B0F9MZ6KNL (Glad Everyday - 16oz Paper Bowls - 50ct - Palm Leaves- 2 COUNT MASTER PACK),[],True,False,True,False,Disposable Tabletop,78.0,B0F9MZ6KNL,2026-05-03,,,,,
In Stock,FD,0.0,0.0,,0.0,5.0,6.0,0.0,False,,4.6,3590.0,13.94,,,66.0,Glad,,B0F9MZ6KNL (Glad Everyday - 16oz Paper Bowls - 50ct - Palm Leaves- 2 COUNT MASTER PACK),[],True,False,True,False,Disposable Tabletop,83.0,B0F9MZ6KNL,2026-05-02,,,,,
In Stock,FD,0.167,28.0,13.94,2.0,12.0,6.0,0.0,False,,4.6,3591.0,13.94,,,76.0,Glad,,B0F9MZ6KNL (Glad Everyday - 16oz Paper Bowls - 50ct - Palm Leaves- 2 COUNT MASTER PACK),[],True,False,True,False,Disposable Tabletop,79.0,B0F9MZ6KNL,2026-05-01,,,,,
In Stock,FD,0.833,70.0,13.94,5.0,6.0,6.0,0.0,False,,4.6,3590.0,13.94,,,69.0,Glad,,B0F9MZ6KNL (Glad Everyday - 16oz Paper Bowls - 50ct - Palm Leaves- 2 COUNT MASTER PACK),[],True,False,True,False,Disposable Tabletop,84.0,B0F9MZ6KNL,2026-04-30,,,,,
In Stock,FD,0.5,42.0,13.94,3.0,6.0,6.0,0.0,False,,4.6,3590.0,13.94,,,60.0,Glad,,B0F9MZ6KNL (Glad Everyday - 16oz Paper Bowls - 50ct - Palm Leaves- 2 COUNT MASTER PACK),[],True,False,True,False,Disposable Tabletop,86.0,B0F9MZ6KNL,2026-04-29,,,,,
In Stock,FD,0.0,0.0,,0.0,3.0,6.0,0.0,False,,4.6,3588.0,13.94,,,52.0,Glad,,B0F9MZ6KNL (Glad Everyday - 16oz Paper Bowls - 50ct - Palm Leaves- 2 COUNT MASTER PACK),[],True,False,True,False,Disposable Tabletop,83.0,B0F9MZ6KNL,2026-04-28,,,,,
In Stock,FD,0.667,56.0,13.94,4.0,6.0,6.0,0.0,False,,4.6,3588.0,13.94,,,53.0,Glad,,B0F9MZ6KNL (Glad Everyday - 16oz Paper Bowls - 50ct - Palm Leaves- 2 COUNT MASTER PACK),[],True,False,True,False,Disposable Tabletop,90.0,B0F9MZ6KNL,2026-04-27,,,,,
In Stock,FD,0.6,125.0,13.94,9.0,15.0,6.0,0.0,False,,4.6,3588.0,13.94,,,62.0,Glad,,B0F9MZ6KNL (Glad Everyday - 16oz Paper Bowls - 50ct - Palm Leaves- 2 COUNT MASTER PACK),[],True,False,True,False,Disposable Tabletop,103.0,B0F9MZ6KNL,2026-04-26,,,,,
In Stock,FD,1.0,70.0,13.94,5.0,5.0,6.0,0.0,False,,4.6,3589.0,13.94,,,59.0,Glad,,B0F9MZ6KNL (Glad Everyday - 16oz Paper Bowls - 50ct - Palm Leaves- 2 COUNT MASTER PACK),[],True,False,True,False,Disposable Tabletop,109.0,B0F9MZ6KNL,2026-04-25,,,,,
In Stock,FD,0.333,28.0,13.94,2.0,6.0,6.0,0.0,False,,4.6,3590.0,13.94,,,67.0,Glad,,B0F9MZ6KNL (Glad Everyday - 16oz Paper Bowls - 50ct - Palm Leaves- 2 COUNT MASTER PACK),[],True,False,True,False,Disposable Tabletop,97.0,B0F9MZ6KNL,2026-04-24,,,,,
In Stock,FD,0.0,0.0,,0.0,11.0,6.0,0.0,False,,4.6,3590.0,13.94,,,58.0,Glad,,B0F9MZ6KNL (Glad Everyday - 16oz Paper Bowls - 50ct - Palm Leaves- 2 COUNT MASTER PACK),[],True,False,True,False,Disposable Tabletop,105.0,B0F9MZ6KNL,2026-04-23,,,,,
In Stock,FD,0.286,28.0,13.94,2.0,7.0,6.0,0.0,False,,4.6,3587.0,13.94,,,65.0,Glad,,B0F9MZ6KNL (Glad Everyday - 16oz Paper Bowls - 50ct - Palm Leaves- 2 COUNT MASTER PACK),[],True,False,True,False,Disposable Tabletop,99.0,B0F9MZ6KNL,2026-04-22,,,,,
In Stock,FD,0.5,42.0,13.94,3.0,6.0,6.0,0.0,False,,4.6,3589.0,13.94,,,62.0,Glad,,B0F9MZ6KNL (Glad Everyday - 16oz Paper Bowls - 50ct - Palm Leaves- 2 COUNT MASTER PACK),[],True,False,True,False,Disposable Tabletop,111.0,B0F9MZ6KNL,2026-04-21,,,,,
In Stock,FD,1.0,56.0,13.94,4.0,4.0,6.0,0.0,False,,4.6,3.0,13.94,,,1266.0,Glad,,B0F9MZ6KNL (Glad Everyday - 16oz Paper Bowls - 50ct - Palm Leaves- 2 COUNT MASTER PACK),[],True,False,True,False,Disposable Tabletop,102.0,B0F9MZ6KNL,2026-04-20,,,,,
In Stock,FD,0.0,,,,1.0,6.0,0.0,False,,4.6,3.0,13.94,,,1221.0,Glad,,B0F9MZ6KNL (Glad Everyday - 16oz Paper Bowls - 50ct - Palm Leaves- 2 COUNT MASTER PACK),[],True,False,True,False,Disposable Tabletop,105.0,B0F9MZ6KNL,2026-04-19,,,,,
In Stock,FD,0.0,,,,1.0,6.0,0.0,False,,4.6,3.0,13.94,,,1137.0,Glad,,B0F9MZ6KNL (Glad Everyday - 16oz Paper Bowls - 50ct - Palm Leaves- 2 COUNT MASTER PACK),[],True,False,True,False,Disposable Tabletop,108.0,B0F9MZ6KNL,2026-04-18,,,,,
In Stock,FD,0.0,,,,1.0,0.0,0.0,False,,4.6,3.0,13.94,,,1011.0,Glad,,B0F9MZ6KNL (Glad Everyday - 16oz Paper Bowls - 50ct - Palm Leaves- 2 COUNT MASTER PACK),[],True,False,True,False,Disposable Tabletop,102.0,B0F9MZ6KNL,2026-04-17,,,,,
In Stock,FD,0.0,,,,1.0,6.0,0.0,False,,4.6,3.0,13.94,,,848.0,Glad,,B0F9MZ6KNL (Glad Everyday - 16oz Paper Bowls - 50ct - Palm Leaves- 2 COUNT MASTER PACK),[],True,False,True,False,Disposable Tabletop,102.0,B0F9MZ6KNL,2026-04-16,,,,,
In Stock,FD,0.0,0.0,,0.0,2.0,6.0,0.0,False,,4.6,3.0,13.94,,,1211.0,Glad,,B0F9MZ6KNL (Glad Everyday - 16oz Paper Bowls - 50ct - Palm Leaves- 2 COUNT MASTER PACK),[],True,False,True,False,Disposable Tabletop,108.0,B0F9MZ6KNL,2026-04-15,,,,,
In Stock,FD,0.5,14.0,13.94,1.0,2.0,6.0,0.0,False,,4.6,3.0,13.94,,,1108.0,Glad,,B0F9MZ6KNL (Glad Everyday - 16oz Paper Bowls - 50ct - Palm Leaves- 2 COUNT MASTER PACK),[],True,False,True,False,Disposable Tabletop,100.0,B0F9MZ6KNL,2026-04-14,,,,,
In Stock,FD,0.0,0.0,,0.0,1.0,6.0,0.0,False,,4.6,3.0,13.94,,,1010.0,Glad,,B0F9MZ6KNL (Glad Everyday - 16oz Paper Bowls - 50ct - Palm Leaves- 2 COUNT MASTER PACK),[],True,False,True,False,Disposable Tabletop,94.0,B0F9MZ6KNL,2026-04-13,,,,,
In Stock,FD,,0.0,,0.0,,6.0,0.0,False,,4.6,3.0,17.85,,,896.0,Glad,,B0F9MZ6KNL (Glad Everyday - 16oz Paper Bowls - 50ct - Palm Leaves- 2 COUNT MASTER PACK),[],True,False,True,False,Disposable Tabletop,86.0,B0F9MZ6KNL,2026-04-12,,,,,
In Stock,FD,,,,,,6.0,0.0,False,,4.6,3.0,13.94,,,729.0,Glad,,B0F9MZ6KNL (Glad Everyday - 16oz Paper Bowls - 50ct - Palm Leaves- 2 COUNT MASTER PACK),[],True,False,True,False,Disposable Tabletop,0.0,B0F9MZ6KNL,2026-04-11,,,,,
In Stock,FD,0.0,0.0,,0.0,2.0,6.0,0.0,False,,4.6,3.0,13.94,,,755.0,Glad,,B0F9MZ6KNL (Glad Everyday - 16oz Paper Bowls - 50ct - Palm Leaves- 2 COUNT MASTER PACK),[],True,False,True,False,Disposable Tabletop,77.0,B0F9MZ6KNL,2026-04-10,,,,,
In Stock,FD,0.143,14.0,13.94,1.0,7.0,6.0,0.0,False,,4.6,3.0,13.94,,,863.0,Glad,,B0F9MZ6KNL (Glad Everyday - 16oz Paper Bowls - 50ct - Palm Leaves- 2 COUNT MASTER PACK),[],True,False,True,False,Disposable Tabletop,89.0,B0F9MZ6KNL,2026-04-09,,,,,
In Stock,FD,,14.0,13.94,1.0,,6.0,0.0,False,,4.6,3.0,13.94,,,1216.0,Glad,,B0F9MZ6KNL (Glad Everyday - 16oz Paper Bowls - 50ct - Palm Leaves- 2 COUNT MASTER PACK),[],True,False,True,False,Disposable Tabletop,79.0,B0F9MZ6KNL,2026-04-08,,,,,
In Stock,FD,1.0,14.0,13.94,1.0,1.0,6.0,0.0,False,,4.6,3.0,13.94,,,1082.0,Glad,,B0F9MZ6KNL (Glad Everyday - 16oz Paper Bowls - 50ct - Palm Leaves- 2 COUNT MASTER PACK),[],True,False,True,False,Disposable Tabletop,79.0,B0F9MZ6KNL,2026-04-07,,,,,
In Stock,FD,0.0,,,,7.0,6.0,0.0,False,,4.6,3.0,13.94,,,978.0,Glad,,B0F9MZ6KNL (Glad Everyday - 16oz Paper Bowls - 50ct - Palm Leaves- 2 COUNT MASTER PACK),[],True,False,True,True,Disposable Tabletop,79.0,B0F9MZ6KNL,2026-04-06,,,,,
In Stock,FD,0.0,0.0,,0.0,2.0,6.0,0.0,False,,4.6,3.0,13.94,,,860.0,Glad,,B0F9MZ6KNL (Glad Everyday - 16oz Paper Bowls - 50ct - Palm Leaves- 2 COUNT MASTER PACK),[],True,False,True,True,Disposable Tabletop,79.0,B0F9MZ6KNL,2026-04-05,,,,,
In Stock,FD,0.0,0.0,,0.0,2.0,6.0,0.0,False,,4.6,3.0,13.94,,,1339.0,Glad,,B0F9MZ6KNL (Glad Everyday - 16oz Paper Bowls - 50ct - Palm Leaves- 2 COUNT MASTER PACK),[],True,False,True,True,Disposable Tabletop,79.0,B0F9MZ6KNL,2026-04-04,,,,,
In Stock,FD,2.0,28.0,13.94,2.0,1.0,6.0,0.0,False,,4.6,3.0,13.94,,,1259.0,Glad,,B0F9MZ6KNL (Glad Everyday - 16oz Paper Bowls - 50ct - Palm Leaves- 2 COUNT MASTER PACK),[],True,False,True,True,Disposable Tabletop,81.0,B0F9MZ6KNL,2026-04-03,,,,,
In Stock,FD,0.0,0.0,,0.0,2.0,6.0,0.0,False,,4.6,3.0,13.94,,,1149.0,Glad,,B0F9MZ6KNL (Glad Everyday - 16oz Paper Bowls - 50ct - Palm Leaves- 2 COUNT MASTER PACK),[],True,False,True,True,Disposable Tabletop,81.0,B0F9MZ6KNL,2026-04-02,,,,,
In Stock,FD,,,,,,6.0,0.0,False,,4.6,3.0,13.94,,,1022.0,Glad,,B0F9MZ6KNL (Glad Everyday - 16oz Paper Bowls - 50ct - Palm Leaves- 2 COUNT MASTER PACK),[],True,False,True,True,Disposable Tabletop,81.0,B0F9MZ6KNL,2026-04-01,,,,,
In Stock,FD,0.0,,,,1.0,6.0,0.0,False,,4.6,3.0,13.94,,,858.0,Glad,,B0F9MZ6KNL (Glad Everyday - 16oz Paper Bowls - 50ct - Palm Leaves- 2 COUNT MASTER PACK),[],True,False,True,True,Disposable Tabletop,81.0,B0F9MZ6KNL,2026-03-31,,,,,
In Stock,FD,0.0,0.0,,0.0,1.0,6.0,0.0,False,,4.6,3.0,13.94,,,1427.0,Glad,,B0F9MZ6KNL (Glad Everyday - 16oz Paper Bowls - 50ct - Palm Leaves- 2 COUNT MASTER PACK),[],True,False,True,True,Disposable Tabletop,81.0,B0F9MZ6KNL,2026-03-30,,,,,
In Stock,FD,1.0,28.0,13.94,2.0,2.0,6.0,0.0,False,,4.6,3.0,13.94,,,1372.0,Glad,,B0F9MZ6KNL (Glad Everyday - 16oz Paper Bowls - 50ct - Palm Leaves- 2 COUNT MASTER PACK),[],True,False,True,True,Disposable Tabletop,83.0,B0F9MZ6KNL,2026-03-29,,,,,
In Stock,FD,0.0,,,,2.0,6.0,0.0,False,,4.6,3.0,13.94,,,1314.0,Glad,,B0F9MZ6KNL (Glad Everyday - 16oz Paper Bowls - 50ct - Palm Leaves- 2 COUNT MASTER PACK),[],True,False,True,True,Disposable Tabletop,83.0,B0F9MZ6KNL,2026-03-28,,,,,
